C51 COMPILER V9.54   DHT11                                                                 01/20/2023 16:56:37 PAGE 1   


C51 COMPILER V9.54, COMPILATION OF MODULE DHT11
OBJECT MODULE PLACED IN .\Objects\DHT11.obj
COMPILER INVOKED BY: E:\shudian2\5\C51\BIN\C51.EXE DHT11.c OPTIMIZE(8,SPEED) BROWSE DEBUG OBJECTEXTEND PRINT(.\Listings\
                    -DHT11.lst) TABS(6) OBJECT(.\Objects\DHT11.obj)

line level    source

   1          #include "Delay.h"
   2          #include "intrins.h"
   3          #include <REGX52.H>
   4          #include "LCD1602.h"
   5          #include "UART.h"
   6          #include "AT24C02.h"
   7          
   8          //引脚定义
   9          sbit DHT11_DQ = P2^3;
  10          sbit LED_RED = P2^2;
  11          
  12          
  13          
  14          
  15          
  16          /**
  17            *@brief   DHT11复位
  18            *@param
  19            *@return
  20           */
  21          void DHT11_Rst()
  22          {
  23   1            DHT11_DQ = 1;
  24   1            //主机至少拉低18ms
  25   1            DHT11_DQ = 0;
  26   1            Delay20ms();
  27   1            //主机拉高20-40us
  28   1            DHT11_DQ = 1;
  29   1            Delay30us();      
  30   1      }
  31          
  32          /**
  33            *@brief   DHT11判断响应
  34            *@param
  35            *@return  0响应 其他均为异常
  36           */
  37          unsigned char DHT11_Check()
  38          {
  39   1            unsigned char Ack = 0;
  40   1            unsigned char time = 0;
  41   1            
  42   1            //等待DQ被拉低
  43   1            time = 0;
  44   1            while(DHT11_DQ)
  45   1            {
  46   2                  _nop_();
  47   2                  time++;
  48   2                  if(time > 100) {return 101;}
  49   2            }
  50   1            //已经被拉低，接受响应
  51   1            Ack = DHT11_DQ;
  52   1            //跳过DHT11_DQ低电平信号时间
  53   1            time = 0;
  54   1            while(!DHT11_DQ)
C51 COMPILER V9.54   DHT11                                                                 01/20/2023 16:56:37 PAGE 2   

  55   1            {
  56   2                  _nop_();
  57   2                  time++;
  58   2                  if(time > 50) {return 102;}
  59   2            }
  60   1            //跳过DHT11_DQ高电平信号时间
  61   1            time = 0;
  62   1            while(DHT11_DQ)
  63   1            {
  64   2                  _nop_();
  65   2                  time++;
  66   2                  if(time > 50) {return 103;}
  67   2            }
  68   1            
  69   1            //运行到这里表示可以开始传输数据，返回0
  70   1            return Ack;
  71   1      }
  72          
  73          /**
  74            *@brief   DHT11接受一个字节
  75            *@param
  76            *@return  接受到的字节
  77           */
  78          unsigned char DHT11_Read_1_Byte()
  79          {
  80   1            unsigned char Byte = 0;
  81   1            unsigned char time = 0;
  82   1            unsigned char i = 0;
  83   1            
  84   1            for(i = 0; i < 8; i++)
  85   1            {
  86   2                  //等待50us的低电平过去
  87   2                  time = 0;
  88   2                  while(!DHT11_DQ)
  89   2                  {
  90   3                        _nop_();
  91   3                        time++;
  92   3                        if(time > 50) {return 104;}
  93   3                  }
  94   2                  
  95   2                  //低电平过去  延时40us    
  96   2                  //26-28us表示0 70us表示1
  97   2                  Delay40us();
  98   2                  
  99   2                  //读DQ状态
 100   2                  if(DHT11_DQ) { Byte |= (0x80 >> i);}
 101   2                  
 102   2                  //等待高电平时间过去
 103   2                  time = 0;
 104   2                  while(DHT11_DQ)
 105   2                  {
 106   3                        _nop_();
 107   3                        time++;
 108   3                        if(time > 50) {return 105;}
 109   3                  }
 110   2                  
 111   2            }
 112   1            return Byte;
 113   1            
 114   1      }
 115          
 116          
C51 COMPILER V9.54   DHT11                                                                 01/20/2023 16:56:37 PAGE 3   

 117          /**
 118            *@brief   DHT11读五个字节     湿度高八位  湿度低八位  温度高八位 温度低八位  校验位
 119            *@param
 120            *@return  判断故障
 121           */
 122          unsigned char DHT11_Read_5_Byte(unsigned char * arr)
 123          {
 124   1            unsigned char i = 0;
 125   1            DHT11_Rst();
 126   1            if(0 == DHT11_Check())
 127   1            {
 128   2                  
 129   2                                        
 130   2      //          for(i = 0; i < 5; i++)                              //    ????????????????????
 131   2      //          {
 132   2      //                *(arr+i) = DHT11_Read_1_Byte();
 133   2      //                
 134   2      //          }
 135   2                  
 136   2                  *(arr+0) = DHT11_Read_1_Byte();
 137   2                  *(arr+1) = DHT11_Read_1_Byte();
 138   2                  *(arr+2) = DHT11_Read_1_Byte();
 139   2                  *(arr+3) = DHT11_Read_1_Byte();
 140   2                  *(arr+4) = DHT11_Read_1_Byte();
 141   2                  
 142   2                  if(*(arr+0) + *(arr+1) + *(arr+2) + *(arr+3) == *(arr+4))
 143   2                  {
 144   3                        return 0;
 145   3                  }
 146   2                  else return 106;
 147   2            }
 148   1            else return 107;
 149   1            
 150   1      }
 151          
 152          //DHT11存储
 153          static unsigned char arr[5];
 154          
 155          /**
 156            *@brief   lcd显示温度湿度
 157            *@param   void
 158            *@return  void
 159           */
 160          void DHT11_LCD1602_Show()
 161          {
 162   1            Lcd_write_string(0X80,"NowHum:");
 163   1            Lcd_write_string(0Xc0,"NowTmp:");
 164   1            //读取并存储
 165   1            if(0 == DHT11_Read_5_Byte(arr))
 166   1            {
 167   2                  Lcd_write_number(1,8,arr[0]);
 168   2                  Lcd_write_number(2,8,arr[2]);
 169   2                  Delayms(500);
 170   2            }
 171   1            
 172   1            
 173   1            
 174   1      }
 175          
 176          
 177          /**
 178            *@brief   温度湿度报警
C51 COMPILER V9.54   DHT11                                                                 01/20/2023 16:56:37 PAGE 4   

 179            *@param   两个警报临界值
 180            *@return  返回值作为PWM的比较值来控制电机的转动速度
 181           */
 182          unsigned char DHT11_H_Alarm(unsigned char * humHWarn,unsigned char * tmpHWarn)
 183          {
 184   1            
 185   1            if(arr[0] > (*humHWarn) && arr[2] > (*tmpHWarn))
 186   1            {
 187   2                  //P3_0 = 1;
 188   2                  return 9;
 189   2            }else if
 190   1            ((arr[0] > (*humHWarn)) || (arr[2] > (*tmpHWarn)))
 191   1            {
 192   2                  //P3_0 = 1;
 193   2                  return 2;
 194   2            }
 195   1      
 196   1            return 0;
 197   1      
 198   1            
 199   1      }
 200          
 201          /**
 202            *@brief   温度湿度温湿度过低报警
 203            *@param   
 204            *@return  
 205           */
 206          void DHT11_L_Alarm(unsigned char * humLWarn,unsigned char * tmpLWarn)
 207          {
 208   1            
 209   1            if((arr[0] < (*humLWarn)) || (arr[2] < (*tmpLWarn)))
 210   1            {
 211   2                  LED_RED = 0;
 212   2            }else if((arr[0] > (*humLWarn)) && (arr[2] > (*tmpLWarn)))
 213   1            {
 214   2                  LED_RED = 1;
 215   2            }
 216   1      
 217   1            
 218   1      }
 219          
 220          /**
 221            *@brief   防止设定的上下限出问题
 222            *@param   
 223            *@return  
 224           */
 225          void DHT11_SetAlarn(unsigned char * humHWarn, unsigned char * humLWarn,\
 226                              unsigned char * tmpHWarn, unsigned char * tmpLWarn)
 227          {
 228   1            //湿度上限
 229   1            if((*humHWarn) > 99) { (*humHWarn) = 99; }
 230   1            //湿度下线
 231   1            if((*humLWarn) < 30 ) { (*humLWarn) = 30;  }
 232   1            //温度上限
 233   1            if((*tmpHWarn) > 40 ) { (*tmpHWarn) = 40;  }
 234   1            //温度下线
 235   1            if((*tmpLWarn) < 5  ) { (*tmpLWarn) = 5;   }
 236   1      }
 237          
 238          
 239          
 240          
C51 COMPILER V9.54   DHT11                                                                 01/20/2023 16:56:37 PAGE 5   

 241          /**
 242            *@brief   读取at24c02中的数据保存到变量中
 243            *@param   
 244            *@return  
 245           */
 246          void DHT11_SaveDH(unsigned char * humHWarn, unsigned char * humLWarn,\
 247                              unsigned char * tmpHWarn, unsigned char * tmpLWarn)
 248          {
 249   1            *humHWarn = AT24C02_Read(1);
 250   1            *humLWarn = AT24C02_Read(2);
 251   1            *tmpHWarn = AT24C02_Read(3);
 252   1            *tmpLWarn = AT24C02_Read(4);
 253   1            DHT11_SetAlarn(humHWarn,humLWarn,tmpHWarn,tmpLWarn);
 254   1      }
 255          
 256          
 257          


MODULE INFORMATION:   STATIC OVERLAYABLE
   CODE SIZE        =    633    ----
   CONSTANT SIZE    =     16    ----
   XDATA SIZE       =   ----    ----
   PDATA SIZE       =   ----    ----
   DATA SIZE        =      5      43
   IDATA SIZE       =   ----    ----
   BIT SIZE         =   ----    ----
END OF MODULE INFORMATION.


C51 COMPILATION COMPLETE.  0 WARNING(S),  0 ERROR(S)
