BL51 BANKED LINKER/LOCATER V6.22                                                        11/27/2022  14:39:40  PAGE 1


BL51 BANKED LINKER/LOCATER V6.22, INVOKED BY:
E:\SHUDIAN2\5\C51\BIN\BL51.EXE .\Objects\main.obj, .\Objects\UART.obj, .\Objects\Delay.obj, .\Objects\Timer1.obj, .\Obje
>> cts\LCD1602.obj TO .\Objects\Object PRINT (.\Listings\Object.m51) RAMSIZE (256)


MEMORY MODEL: SMALL


INPUT MODULES INCLUDED:
  .\Objects\main.obj (MAIN)
  .\Objects\UART.obj (UART)
  .\Objects\Delay.obj (DELAY)
  .\Objects\Timer1.obj (TIMER1)
  .\Objects\LCD1602.obj (LCD1602)
  E:\SHUDIAN2\5\C51\LIB\C51S.LIB (?C_STARTUP)
  E:\SHUDIAN2\5\C51\LIB\C51S.LIB (?C?CLDPTR)
  E:\SHUDIAN2\5\C51\LIB\C51S.LIB (?C_INIT)


LINK MAP OF MODULE:  .\Objects\Object (MAIN)


            TYPE    BASE      LENGTH    RELOCATION   SEGMENT NAME
            -----------------------------------------------------

            * * * * * * *   D A T A   M E M O R Y   * * * * * * *
            REG     0000H     0008H     ABSOLUTE     "REG BANK 0"
            DATA    0008H     0005H     UNIT         ?DT?MAIN
            DATA    000DH     0004H     UNIT         ?DT?_LCD_WRITE_STRING?LCD1602
            DATA    0011H     0003H     UNIT         ?DT?_LCD_WRITE_NUMBER?LCD1602
            DATA    0014H     0002H     UNIT         _DATA_GROUP_
            IDATA   0016H     0001H     UNIT         ?STACK

            * * * * * * *   C O D E   M E M O R Y   * * * * * * *
            CODE    0000H     0003H     ABSOLUTE     
                    0003H     0008H                  *** GAP ***
            CODE    000BH     0003H     ABSOLUTE     
                    000EH     0015H                  *** GAP ***
            CODE    0023H     0003H     ABSOLUTE     
                    0026H     07DAH                  *** GAP ***
            CODE    0800H     008CH     UNIT         ?C_C51STARTUP
            CODE    088CH     005EH     UNIT         ?PR?TIMER1_ROUTINE?MAIN
            CODE    08EAH     004DH     UNIT         ?PR?UART_ROUTINE?MAIN
            CODE    0937H     0039H     UNIT         ?PR?_LCD_WRITE_NUMBER?LCD1602
            CODE    0970H     0035H     UNIT         ?PR?_LCD_WRITE_STRING?LCD1602
            CODE    09A5H     001BH     UNIT         ?PR?UART_INIT?UART
            CODE    09C0H     0019H     UNIT         ?PR?LCD_INITIAL?LCD1602
            CODE    09D9H     0019H     UNIT         ?C?LIB_CODE
            CODE    09F2H     0015H     UNIT         ?PR?MAIN?MAIN
            CODE    0A07H     0015H     UNIT         ?PR?_DELAYMS?DELAY
            CODE    0A1CH     0015H     UNIT         ?PR?TIMER1_INIT?TIMER1
            CODE    0A31H     0012H     UNIT         ?PR?_WRITE_CMD?LCD1602
            CODE    0A43H     0012H     UNIT         ?PR?_WRITE_DATA?LCD1602
            CODE    0A55H     0009H     UNIT         ?C_INITSEG
            CODE    0A5EH     0008H     UNIT         ?PR?_UART_SEND?UART



BL51 BANKED LINKER/LOCATER V6.22                                                      11/27/2022  14:39:40  PAGE 2


OVERLAY MAP OF MODULE:   .\Objects\Object (MAIN)


SEGMENT                                 DATA_GROUP 
  +--> CALLED SEGMENT                 START    LENGTH
-----------------------------------------------------
?PR?TIMER1_ROUTINE?MAIN               -----    -----
  +--> ?PR?_UART_SEND?UART

*** NEW ROOT ***************************************************

?PR?UART_ROUTINE?MAIN                 -----    -----
  +--> ?PR?_UART_SEND?UART

*** NEW ROOT ***************************************************

?C_C51STARTUP                         -----    -----
  +--> ?PR?MAIN?MAIN
  +--> ?C_INITSEG

?PR?MAIN?MAIN                         -----    -----
  +--> ?PR?UART_INIT?UART
  +--> ?PR?LCD_INITIAL?LCD1602
  +--> ?PR?_WRITE_CMD?LCD1602
  +--> ?PR?_WRITE_DATA?LCD1602

?PR?LCD_INITIAL?LCD1602               -----    -----
  +--> ?PR?_WRITE_CMD?LCD1602
  +--> ?PR?_DELAYMS?DELAY

?PR?_WRITE_CMD?LCD1602                -----    -----
  +--> ?PR?_DELAYMS?DELAY

?PR?_DELAYMS?DELAY                    0014H    0002H

?PR?_WRITE_DATA?LCD1602               -----    -----
  +--> ?PR?_DELAYMS?DELAY



SYMBOL TABLE OF MODULE:  .\Objects\Object (MAIN)

  VALUE           TYPE          NAME
  ----------------------------------

  -------         MODULE        MAIN
  C:0000H         SYMBOL        _ICE_DUMMY_
  C:088CH         PUBLIC        Timer1_Routine
  C:08EAH         PUBLIC        UART_Routine
  B:0098H.0       PUBLIC        RI
  C:09F2H         PUBLIC        main
  D:0008H         PUBLIC        count
  D:0099H         PUBLIC        SBUF
  D:000AH         PUBLIC        temp
  D:008CH         PUBLIC        TH0
  D:008AH         PUBLIC        TL0
  D:000BH         PUBLIC        i
BL51 BANKED LINKER/LOCATER V6.22                                                      11/27/2022  14:39:40  PAGE 3


  -------         PROC          MAIN
  C:09F2H         LINE#         15
  C:09F2H         LINE#         16
  C:09F2H         LINE#         18
  C:09F5H         LINE#         20
  C:09F8H         LINE#         25
  C:09F8H         LINE#         26
  C:09F8H         LINE#         27
  C:0A00H         LINE#         28
  C:0A05H         LINE#         29
  -------         ENDPROC       MAIN
  -------         PROC          TIMER1_ROUTINE
  C:088CH         LINE#         35
  C:08A9H         LINE#         37
  C:08ACH         LINE#         38
  C:08AFH         LINE#         39
  C:08B7H         LINE#         40
  C:08BDH         LINE#         41
  C:08BDH         LINE#         42
  C:08C5H         LINE#         43
  C:08C9H         LINE#         44
  C:08CFH         LINE#         45
  C:08CFH         LINE#         46
  -------         ENDPROC       TIMER1_ROUTINE
  -------         PROC          UART_ROUTINE
  C:08EAH         LINE#         49
  C:0907H         LINE#         51
  C:090AH         LINE#         52
  C:090AH         LINE#         53
  C:0912H         LINE#         54
  C:0915H         LINE#         55
  C:091AH         LINE#         56
  C:091CH         LINE#         58
  C:091CH         LINE#         59
  -------         ENDPROC       UART_ROUTINE
  -------         ENDMOD        MAIN

  -------         MODULE        UART
  C:0000H         SYMBOL        _ICE_DUMMY_
  B:00A8H.7       PUBLIC        EA
  B:00A8H.4       PUBLIC        ES
  B:0098H.1       PUBLIC        TI
  C:0A5EH         PUBLIC        _UART_Send
  D:0099H         PUBLIC        SBUF
  D:0087H         PUBLIC        PCON
  C:09A5H         PUBLIC        UART_Init
  D:0098H         PUBLIC        SCON
  D:0089H         PUBLIC        TMOD
  B:00A8H.3       PUBLIC        ET1
  D:008DH         PUBLIC        TH1
  D:008BH         PUBLIC        TL1
  B:0088H.6       PUBLIC        TR1
  -------         PROC          UART_INIT
  C:09A5H         LINE#         11
  C:09A5H         LINE#         12
  C:09A5H         LINE#         13
  C:09A8H         LINE#         14
BL51 BANKED LINKER/LOCATER V6.22                                                      11/27/2022  14:39:40  PAGE 4


  C:09ABH         LINE#         15
  C:09AEH         LINE#         16
  C:09B1H         LINE#         17
  C:09B3H         LINE#         18
  C:09B6H         LINE#         19
  C:09B9H         LINE#         20
  C:09BBH         LINE#         21
  C:09BDH         LINE#         22
  C:09BFH         LINE#         23
  -------         ENDPROC       UART_INIT
  -------         PROC          _UART_SEND
  D:0007H         SYMBOL        byte
  C:0A5EH         LINE#         34
  C:0A5EH         LINE#         35
  C:0A5EH         LINE#         36
  C:0A60H         LINE#         37
  C:0A63H         LINE#         38
  C:0A65H         LINE#         39
  -------         ENDPROC       _UART_SEND
  -------         ENDMOD        UART

  -------         MODULE        DELAY
  C:0000H         SYMBOL        _ICE_DUMMY_
  C:0A07H         PUBLIC        _Delayms
  -------         PROC          _DELAYMS
  D:0007H         SYMBOL        mm
  -------         DO            
  D:0014H         SYMBOL        i
  D:0015H         SYMBOL        j
  -------         ENDDO         
  C:0A07H         LINE#         2
  C:0A07H         LINE#         3
  C:0A07H         LINE#         5
  C:0A0DH         LINE#         6
  C:0A0DH         LINE#         9
  C:0A10H         LINE#         10
  C:0A13H         LINE#         12
  C:0A13H         LINE#         13
  C:0A16H         LINE#         14
  C:0A19H         LINE#         15
  C:0A1BH         LINE#         20
  -------         ENDPROC       _DELAYMS
  -------         ENDMOD        DELAY

  -------         MODULE        TIMER1
  C:0000H         SYMBOL        _ICE_DUMMY_
  B:00A8H.7       PUBLIC        EA
  C:0A1CH         PUBLIC        Timer1_Init
  D:0089H         PUBLIC        TMOD
  B:00A8H.1       PUBLIC        ET0
  B:0088H.5       PUBLIC        TF0
  D:008CH         PUBLIC        TH0
  D:008AH         PUBLIC        TL0
  B:0088H.4       PUBLIC        TR0
  -------         PROC          TIMER1_INIT
  C:0A1CH         LINE#         12
  C:0A1CH         LINE#         13
BL51 BANKED LINKER/LOCATER V6.22                                                      11/27/2022  14:39:40  PAGE 5


  C:0A1CH         LINE#         14
  C:0A1FH         LINE#         15
  C:0A22H         LINE#         16
  C:0A25H         LINE#         17
  C:0A28H         LINE#         18
  C:0A2AH         LINE#         19
  C:0A2CH         LINE#         20
  C:0A2EH         LINE#         21
  C:0A30H         LINE#         23
  -------         ENDPROC       TIMER1_INIT
  -------         ENDMOD        TIMER1

  -------         MODULE        LCD1602
  C:0000H         SYMBOL        _ICE_DUMMY_
  D:0080H         PUBLIC        P0
  D:00A0H         PUBLIC        P2
  C:0A43H         PUBLIC        _Write_data
  C:0937H         PUBLIC        _Lcd_write_number
  B:00A0H.7       PUBLIC        EN
  C:0970H         PUBLIC        _Lcd_write_string
  C:0A31H         PUBLIC        _Write_cmd
  B:00A0H.6       PUBLIC        RS
  B:00A0H.5       PUBLIC        RW
  C:09C0H         PUBLIC        Lcd_initial
  -------         PROC          _WRITE_CMD
  D:0007H         SYMBOL        cmd
  C:0A31H         LINE#         19
  C:0A31H         LINE#         20
  C:0A31H         LINE#         22
  C:0A33H         LINE#         23
  C:0A35H         LINE#         24
  C:0A37H         LINE#         27
  C:0A39H         LINE#         29
  C:0A3BH         LINE#         31
  C:0A3CH         LINE#         33
  C:0A3EH         LINE#         35
  -------         ENDPROC       _WRITE_CMD
  -------         PROC          _WRITE_DATA
  D:0007H         SYMBOL        cmd
  C:0A43H         LINE#         41
  C:0A43H         LINE#         42
  C:0A43H         LINE#         44
  C:0A45H         LINE#         45
  C:0A47H         LINE#         46
  C:0A49H         LINE#         49
  C:0A4BH         LINE#         51
  C:0A4DH         LINE#         53
  C:0A4EH         LINE#         55
  C:0A50H         LINE#         57
  -------         ENDPROC       _WRITE_DATA
  -------         PROC          LCD_INITIAL
  C:09C0H         LINE#         62
  C:09C0H         LINE#         63
  C:09C0H         LINE#         65
  C:09C5H         LINE#         66
  C:09CAH         LINE#         68
  C:09CFH         LINE#         69
BL51 BANKED LINKER/LOCATER V6.22                                                      11/27/2022  14:39:40  PAGE 6


  C:09D4H         LINE#         73
  -------         ENDPROC       LCD_INITIAL
  -------         PROC          _LCD_WRITE_STRING
  D:000DH         SYMBOL        cmd
  D:000EH         SYMBOL        addr
  C:0970H         LINE#         78
  C:0978H         LINE#         79
  C:0978H         LINE#         80
  C:0983H         LINE#         81
  C:0983H         LINE#         82
  C:098AH         LINE#         83
  C:0997H         LINE#         84
  C:09A2H         LINE#         85
  C:09A4H         LINE#         86
  -------         ENDPROC       _LCD_WRITE_STRING
  -------         PROC          _LCD_WRITE_NUMBER
  D:0011H         SYMBOL        line
  D:0012H         SYMBOL        row
  D:0013H         SYMBOL        number
  C:0937H         LINE#         94
  C:093DH         LINE#         95
  C:093DH         LINE#         96
  C:0942H         LINE#         97
  C:0942H         LINE#         98
  C:0946H         LINE#         99
  C:0946H         LINE#         100
  C:0946H         LINE#         101
  C:0948H         LINE#         102
  C:094DH         LINE#         103
  C:094DH         LINE#         104
  C:0955H         LINE#         105
  C:0961H         LINE#         106
  C:096FH         LINE#         107
  C:096FH         LINE#         108
  -------         ENDPROC       _LCD_WRITE_NUMBER
  -------         ENDMOD        LCD1602

  -------         MODULE        ?C?CLDPTR
  C:09D9H         PUBLIC        ?C?CLDPTR
  -------         ENDMOD        ?C?CLDPTR

*** WARNING L16: UNCALLED SEGMENT, IGNORED FOR OVERLAY PROCESS
    SEGMENT: ?PR?TIMER1_INIT?TIMER1

*** WARNING L16: UNCALLED SEGMENT, IGNORED FOR OVERLAY PROCESS
    SEGMENT: ?PR?_LCD_WRITE_STRING?LCD1602

*** WARNING L16: UNCALLED SEGMENT, IGNORED FOR OVERLAY PROCESS
    SEGMENT: ?PR?_LCD_WRITE_NUMBER?LCD1602

******************************************************************************
* RESTRICTED VERSION WITH 0800H BYTE CODE SIZE LIMIT; USED: 01C6H BYTE (22%) *
******************************************************************************

Program Size: data=23.0 xdata=0 code=623
LINK/LOCATE RUN COMPLETE.  3 WARNING(S),  0 ERROR(S)
