C51 COMPILER V9.54   NOTE                                                                  11/22/2022 20:20:47 PAGE 1   


C51 COMPILER V9.54, COMPILATION OF MODULE NOTE
OBJECT MODULE PLACED IN .\Objects\note.obj
COMPILER INVOKED BY: E:\shudian2\5\C51\BIN\C51.EXE note.c OPTIMIZE(8,SPEED) BROWSE DEBUG OBJECTEXTEND PRINT(.\Listings\n
                    -ote.lst) TABS(6) OBJECT(.\Objects\note.obj)

line level    source

   1          //STC89C52 定时器个数 T0 T1 T2
   2          
   3          //不同型号可能定时器个数操作不同
   4          //T0 T1 与传统8051单片机兼容
   5          //T2 此型号单独增加的资源
   6          //          
   7          //          
   8          //***********************************************  四种工作模式
   9          //模式0：13位定时器 计数器
  10          //模式1：16位定时器 计数器（常用）   *****
  11          //模式2：8位自动重装模式
  12          //模式3：两个8位计数器
  13          
  14          
  15          
  16          //*********************************************** 
  17          
  18          //模式1：16位定时器 计数器 
  19          //最高存储 2^16-1 65535
  20          
  21          //脉冲为外接晶振决定 此开发板为12MHz
  22          //（原理图可知：可以由系统时钟(SYSclk)来加一，或者通过外接()，则此为计数器）
  23          //12分频：12M/12 = 1MHz  1us
  24          //6分频：
  25          
  26          //选择开关：
  27          //            -
  28          //       C    T
  29          //      计数 定时
  30          //       1    0
  31          
  32          //TL0(8bit)      TH0(8bit)
  33          //00000000     00000000
  34          
  35          
  36          //***********************************************     中断系统
  37          //定义：
  38          //    系统为了使CPU可以处理紧急事件。
  39          //    处理完紧急事件后，回到系统运行原本地点。
  40          //    
  41          //中断嵌套：
  42          //    在执行中断时，如果又有一个中断，且优先级更高，则进行此中断，执行完再返回低级中断。
  43          //    
  44          
  45          
  46          
  47          
  48          
  49          
  50          
  51          
  52          
  53          
  54          
C51 COMPILER V9.54   NOTE                                                                  11/22/2022 20:20:47 PAGE 2   

  55          


MODULE INFORMATION:   STATIC OVERLAYABLE
   CODE SIZE        =   ----    ----
   CONSTANT SIZE    =   ----    ----
   XDATA SIZE       =   ----    ----
   PDATA SIZE       =   ----    ----
   DATA SIZE        =   ----    ----
   IDATA SIZE       =   ----    ----
   BIT SIZE         =   ----    ----
END OF MODULE INFORMATION.


C51 COMPILATION COMPLETE.  0 WARNING(S),  0 ERROR(S)
